2026-05-06 12:00:00 log_data_per_hour|10000|1|1|2026-05-06 12:00:00
2026-05-06 12:01:48 log_task|10000|21|10000000006|1|320|0|2026-05-06 12:01:48
2026-05-06 12:01:48 log_guide|10000|21|10000000006|1|81925|2026-05-06 12:01:48
2026-05-06 12:01:51 log_task|10000|21|10000000006|1|320|1|2026-05-06 12:01:51
2026-05-06 12:01:51 log_task|10000|21|10000000006|1|330|-1|2026-05-06 12:01:51
2026-05-06 12:01:51 log_task|10000|21|10000000006|1|330|0|2026-05-06 12:01:51
2026-05-06 12:01:51 log_guide|10000|21|10000000006|1|84480|2026-05-06 12:01:51
2026-05-06 12:01:51 log_guide|10000|21|10000000006|1|84485|2026-05-06 12:01:51
2026-05-06 12:01:51 log_task|10000|21|10000000006|1|330|1|2026-05-06 12:01:51
2026-05-06 12:01:51 log_task|10000|21|10000000006|1|341|-1|2026-05-06 12:01:51
2026-05-06 12:01:51 log_guide|10000|21|10000000006|1|87296|2026-05-06 12:01:51
2026-05-06 12:02:24 log_task|10000|21|10000000006|1|341|0|2026-05-06 12:02:24
2026-05-06 12:02:24 log_guide|10000|21|10000000006|1|87302|2026-05-06 12:02:24
2026-05-06 12:03:29 log_task|10000|21|10000000006|1|341|1|2026-05-06 12:03:29
2026-05-06 12:03:29 log_task|10000|21|10000000006|1|350|-1|2026-05-06 12:03:29
2026-05-06 12:03:29 log_guide|10000|21|10000000006|1|89600|2026-05-06 12:03:29
2026-05-06 12:03:33 log_task|10000|21|10000000006|1|350|0|2026-05-06 12:03:33
2026-05-06 12:03:33 log_currency|10000|21|10000000006|1|10|3|37|2026-05-06 12:03:33|40|1
2026-05-06 12:03:33 log_bag|10000|21|10000000006|1|30000100|20|84|2026-05-06 12:03:33|40|1
2026-05-06 12:03:33 log_equip|10000|0|10000000006|40100101|2026-05-06 12:03:33|40|1
2026-05-06 12:03:33 log_equip|10000|0|10000000006|40100104|2026-05-06 12:03:33|40|1
2026-05-06 12:03:33 log_equip|10000|0|10000000006|40100103|2026-05-06 12:03:33|40|1
2026-05-06 12:03:34 log_guide|10000|21|10000000006|1|89602|2026-05-06 12:03:34
2026-05-06 12:05:33 log_login|10000|21|10000000006|1|0|2026-05-06 12:05:33|2026-05-06 11:59:07|2026-05-06 12:05:33|2130706433|30502
